<?xml version="1.0" encoding="utf-8"?>
<menu xmlns:android="http://schemas.android.com/apk/res/android">
    <item
        android:id="@+id/couponExpectedDelete"
        android:icon="@drawable/ic_baseline_settings_24"
        android:title="삭제" />
</menu>